#BIND_OUTPUT version: 3.0



#---------------------- SYMMETRY ANALYSIS ----------------------

8 Elements are present. They are:
  1 Inversion Point
   Equivalent Atoms: 1 -> 2, 2 -> 1, 3 -> 6, 4 -> 5, 5 -> 4, 6 -> 3, 
  2 2-Fold Rotation about (1.000,0.000,0.000)
   Equivalent Atoms: 1 -> 1, 2 -> 2, 3 -> 4, 4 -> 3, 5 -> 6, 6 -> 5, 
  3 2-Fold Rotation about (0.000,1.000,0.000)
   Equivalent Atoms: 1 -> 2, 2 -> 1, 3 -> 5, 4 -> 6, 5 -> 3, 6 -> 4, 
  4 2-Fold Rotation about (0.000,0.000,1.000)
   Equivalent Atoms: 1 -> 2, 2 -> 1, 3 -> 6, 4 -> 5, 5 -> 4, 6 -> 3, 
  5 Mirror Plane with normal: (1.000,0.000,0.000)
   Equivalent Atoms: 1 -> 2, 2 -> 1, 3 -> 5, 4 -> 6, 5 -> 3, 6 -> 4, 
  6 Mirror Plane with normal: (0.000,1.000,0.000)
   Equivalent Atoms: 1 -> 1, 2 -> 2, 3 -> 4, 4 -> 3, 5 -> 6, 6 -> 5, 
  7 Mirror Plane with normal: (0.000,0.000,1.000)
   Equivalent Atoms: 1 -> 1, 2 -> 2, 3 -> 3, 4 -> 4, 5 -> 5, 6 -> 6, 
  8 Identity.
   Equivalent Atoms: 1 -> 1, 2 -> 2, 3 -> 3, 4 -> 4, 5 -> 5, 6 -> 6, 

Here are the  Non-Redundant Elements which are present:
Inversion Point
   Equivalent Atoms: 1 -> 2, 2 -> 1, 3 -> 6, 4 -> 5, 5 -> 4, 6 -> 3, 
2-Fold Rotation about (1.000,0.000,0.000)
   Equivalent Atoms: 1 -> 1, 2 -> 2, 3 -> 4, 4 -> 3, 5 -> 6, 6 -> 5, 
2-Fold Rotation about (0.000,1.000,0.000)
   Equivalent Atoms: 1 -> 2, 2 -> 1, 3 -> 5, 4 -> 6, 5 -> 3, 6 -> 4, 
2-Fold Rotation about (0.000,0.000,1.000)
   Equivalent Atoms: 1 -> 2, 2 -> 1, 3 -> 6, 4 -> 5, 5 -> 4, 6 -> 3, 
Mirror Plane with normal: (1.000,0.000,0.000)
   Equivalent Atoms: 1 -> 2, 2 -> 1, 3 -> 5, 4 -> 6, 5 -> 3, 6 -> 4, 
Mirror Plane with normal: (0.000,1.000,0.000)
   Equivalent Atoms: 1 -> 1, 2 -> 2, 3 -> 4, 4 -> 3, 5 -> 6, 6 -> 5, 
Mirror Plane with normal: (0.000,0.000,1.000)
   Equivalent Atoms: 1 -> 1, 2 -> 2, 3 -> 3, 4 -> 4, 5 -> 5, 6 -> 6, 
Identity.
   Equivalent Atoms: 1 -> 1, 2 -> 2, 3 -> 3, 4 -> 4, 5 -> 5, 6 -> 6, 

;-----------------------------------------------------------------
Allocating approximately     9.42 Kbytes (    0.01 Meg).
Each matrix is:     0.00 meg.

; Number of orbitals
#Num_Orbitals: 12
Error value from Diagonalization (0 is good): 0

#	******* Energies (in eV)  and Occupation Numbers *******
1:--->  -27.1677  [2.000 Electrons]
2:--->  -21.1708  [2.000 Electrons]
3:--->  -16.5213  [2.000 Electrons]
4:--->  -14.8794  [2.000 Electrons]
5:--->  -14.5705  [2.000 Electrons]
6:--->  -13.2176  [2.000 Electrons]
7:--->  -8.23815  [0.000 Electrons]
8:--->   8.30511  [0.000 Electrons]
9:--->   12.1106  [0.000 Electrons]
10:--->     19.68  [0.000 Electrons]
11:--->   30.9718  [0.000 Electrons]
12:--->   61.3483  [0.000 Electrons]
Total_Energy: -215.054

# Characters of wavefunctions with respect to symmetry operations present.
;              1      2      3      4      5      6      7      8 
   1:--->  1.000  1.000  1.000  1.000  1.000  1.000  1.000  1.000 
   2:---> -1.000  1.000 -1.000 -1.000 -1.000  1.000  1.000  1.000 
   3:---> -1.000 -1.000  1.000 -1.000  1.000 -1.000  1.000  1.000 
   4:--->  1.000 -1.000 -1.000  1.000 -1.000 -1.000  1.000  1.000 
   5:--->  1.000  1.000  1.000  1.000  1.000  1.000  1.000  1.000 
   6:---> -1.000 -1.000 -1.000  1.000  1.000  1.000 -1.000  1.000 
   7:--->  1.000 -1.000  1.000 -1.000 -1.000  1.000 -1.000  1.000 
   8:---> -1.000 -1.000  1.000 -1.000  1.000 -1.000  1.000  1.000 
   9:---> -1.000  1.000 -1.000 -1.000 -1.000  1.000  1.000  1.000 
  10:--->  1.000 -1.000 -1.000  1.000 -1.000 -1.000  1.000  1.000 
  11:--->  1.000  1.000  1.000  1.000  1.000  1.000  1.000  1.000 
  12:---> -1.000  1.000 -1.000 -1.000 -1.000  1.000  1.000  1.000 

;   Reduced Mulliken Overlap Population Matrix for 12.000 electrons:

              1        2        3        4        5        6      
  1        2.7220    
  2        1.2780      2.7220    
  3        0.8326      -0.0708     0.5897    
  4        0.8326      -0.0708     -0.0556     0.5897    
  5        -0.0708     0.8326      -0.0115     0.0031      0.5897    
  6        -0.0708     0.8326      0.0031      -0.0115     -0.0556     0.5897    

;    Net Atomic Charges for 12.000 electrons:
1 C: -0.122810
2 C: -0.122810
3 H: 0.061405
4 H: 0.061405
5 H: 0.061405
6 H: 0.061405
;      Total Charge is: -0.000000


; 		q-q-q-q-q-q-q-q  Charge Matrix q-q-q-q-q-q-q-q

;   Reduced Charge Matrix Independant of Occupation
      1        2        3        4        5        6        7      
   1  0.4141  0.2739  0.2699  0.2086  0.3950  0.5000  0.5000
   2  0.4141  0.2739  0.2699  0.2086  0.3950  0.5000  0.5000
   3  0.0429  0.1131  0.1151  0.1457  0.0525  0.0000  0.0000
   4  0.0429  0.1131  0.1151  0.1457  0.0525  0.0000  0.0000
   5  0.0429  0.1131  0.1151  0.1457  0.0525  0.0000  0.0000
   6  0.0429  0.1131  0.1151  0.1457  0.0525  0.0000  0.0000
      8        9        10       11       12     
   1  0.2301  0.3292  0.2914  0.1909  0.3970
   2  0.2301  0.3292  0.2914  0.1909  0.3970
   3  0.1349  0.0854  0.1043  0.1545  0.0515
   4  0.1349  0.0854  0.1043  0.1545  0.0515
   5  0.1349  0.0854  0.1043  0.1545  0.0515
   6  0.1349  0.0854  0.1043  0.1545  0.0515


 Sorting 12 crystal orbitals.


# ******** Extended Hueckel Parameters ********
;  FORMAT  quantum number orbital: Hii, <c1>, exponent1, <c2>, <exponent2>

ATOM: C   Atomic number: 6  # Valence Electrons: 4
	2S:   -21.4000     1.6250
	2P:   -11.4000     1.6250
ATOM: H   Atomic number: 1  # Valence Electrons: 1
	1S:   -13.6000     1.3000

### TOTAL DENSITY OF STATES 
24 states are present.
#BEGIN CURVE
1.000000 -27.167740
1.000000 -21.170830
1.000000 -16.521276
1.000000 -14.879352
1.000000 -14.570485
1.000000 -13.217560
1.000000 -8.238147
1.000000 8.305111
1.000000 12.110592
1.000000 19.680035
1.000000 30.971760
1.000000 61.348255
#END CURVE
# END OF DOS


;  The Fermi Level was determined for 1 K points based on
;     an ordering of 12 crystal orbitals occupied by 12.000000 electrons
;      in the unit cell (12.000000 electrons total)
#Fermi_Energy:  -13.217560
#Average Energy:  -215.054485 eV

# Atomic Orbital Occupations
;        s      px      py      pz    dx2-y2    dz2     dxy     dxz     dyz
1 C  1.1941  0.9718  0.9569  1.0000  0.0000  0.0000  0.0000  0.0000  0.0000 
2 C  1.1941  0.9718  0.9569  1.0000  0.0000  0.0000  0.0000  0.0000  0.0000 
3 H  0.9386  0.0000  0.0000  0.0000  0.0000  0.0000  0.0000  0.0000  0.0000 
4 H  0.9386  0.0000  0.0000  0.0000  0.0000  0.0000  0.0000  0.0000  0.0000 
5 H  0.9386  0.0000  0.0000  0.0000  0.0000  0.0000  0.0000  0.0000  0.0000 
6 H  0.9386  0.0000  0.0000  0.0000  0.0000  0.0000  0.0000  0.0000  0.0000 

# AVERAGE NET CHARGES
1 C -0.122810
2 C -0.122810
3 H 0.061405
4 H 0.061405
5 H 0.061405
6 H 0.061405
There are a total of 12.000000 electrons.
Done!
